Original: '=?UTF-8?B?8J+Gk9CR0LXQt9C60L7RiNGC0L7QstC90LAg0LTQvtGB0YLQsNCy0LrQsCA=?=\n =?UTF-8?B?0Lcg0L/RltC00L/QuNGB0LrQvtGOIMKr0JTQu9GPINGB0LLQvtGX0YXCuw==?='
Decoded: 🆓Безкоштовна доставка з підпискою «Для своїх»
